
node:internal/modules/run_main:107
    triggerUncaughtException(
    ^
Error [TransformError]: Transform failed with 1 error:
C:\Users\admin\Downloads\Genesis\services\geminiService.ts:128:0: ERROR: Expected "}" but found "import"
    at failureErrorWithLog (C:\Users\admin\Downloads\Genesis\node_modules\tsx\node_modules\esbuild\lib\main.js:1467:15)
    at C:\Users\admin\Downloads\Genesis\node_modules\tsx\node_modules\esbuild\lib\main.js:736:50
    at responseCallbacks.<computed> (C:\Users\admin\Downloads\Genesis\node_modules\tsx\node_modules\esbuild\lib\main.js:603:9)
    at handleIncomingPacket (C:\Users\admin\Downloads\Genesis\node_modules\tsx\node_modules\esbuild\lib\main.js:658:12)
    at Socket.readFromStdout (C:\Users\admin\Downloads\Genesis\node_modules\tsx\node_modules\esbuild\lib\main.js:581:7)
    at Socket.emit (node:events:508:28)
    at addChunk (node:internal/streams/readable:559:12)
    at readableAddChunkPushByteMode (node:internal/streams/readable:510:3)
    at Readable.push (node:internal/streams/readable:390:5)
    at Pipe.onStreamRead (node:internal/stream_base_commons:189:23)

Node.js v24.11.0
