
≡ƒÜÇ Starting Gemini API Key Tests for Text Generation...


============================================================
Testing Key 1: AIzaSyASBU6gbFFAzYcJeTzx2fUIg-Hjzthec40
============================================================
Status Code: 404
Γ¥î FAILED - Status 404
Error Response: {
  "error": {
    "code": 404,
    "message": "models/gemini-1.5-flash is not found for API version v1beta, or is not supported for generateContent. Call ListModels to see the list of available models and their supported methods.",
    "status": "NOT_FOUND"
  }
}

============================================================
Testing Key 2: AIzaSyB5BKaBAsru3etCQZl6Z3V8E5f5lbkHMNw
============================================================
Status Code: 404
Γ¥î FAILED - Status 404
Error Response: {
  "error": {
    "code": 404,
    "message": "models/gemini-1.5-flash is not found for API version v1beta, or is not supported for generateContent. Call ListModels to see the list of available models and their supported methods.",
    "status": "NOT_FOUND"
  }
}

============================================================
≡ƒôè SUMMARY OF RESULTS
============================================================

Key 1:
  API Key: AIzaSyASBU6gbFFAzYcJeTzx2fUIg-Hjzthec40
  Status: UNKNOWN_ERROR
  Γ¥î This key is NOT working
  Error: models/gemini-1.5-flash is not found for API version v1beta, or is not supported for generateContent. Call ListModels to see the list of available models and their supported methods.

Key 2:
  API Key: AIzaSyB5BKaBAsru3etCQZl6Z3V8E5f5lbkHMNw
  Status: UNKNOWN_ERROR
  Γ¥î This key is NOT working
  Error: models/gemini-1.5-flash is not found for API version v1beta, or is not supported for generateContent. Call ListModels to see the list of available models and their supported methods.

============================================================
≡ƒÆí RECOMMENDATION
============================================================
Γ¥î None of the keys are currently working.
Please check the Google Cloud Console for quota limits or API restrictions.


