mastra/server.ts(311,28): error TS2339: Property 'results' does not exist on type 'WorkflowResult<unknown, unknown, unknown, Step<string, unknown, unknown, unknown, unknown, unknown, any, unknown>[]>'.
  Property 'results' does not exist on type '{ status: "success"; state?: unknown; stepExecutionPath?: string[] | undefined; resumeLabels?: Record<string, { stepId: string; forEachIndex?: number | undefined; }> | undefined; result: unknown; input: unknown; steps: { ...; }; } & TracingProperties'.
mastra/server.ts(340,7): error TS2561: Object literal may only specify known properties, but 'stepId' does not exist in type '{ resumeData?: unknown; step?: string | string[] | Step<string, any, any, any, unknown, any, DefaultEngineType, any> | [...Step<string, any, any, any, any, any, DefaultEngineType, any>[], Step<...>] | undefined; ... 7 more ...; perStep?: boolean | undefined; } & Partial<...>'. Did you mean to write 'step'?
mastra/server.ts(386,49): error TS2339: Property 'results' does not exist on type 'WorkflowResult<unknown, unknown, unknown, Step<string, unknown, unknown, unknown, unknown, unknown, any, unknown>[]>'.
  Property 'results' does not exist on type '{ status: "success"; state?: unknown; stepExecutionPath?: string[] | undefined; resumeLabels?: Record<string, { stepId: string; forEachIndex?: number | undefined; }> | undefined; result: unknown; input: unknown; steps: { ...; }; } & TracingProperties'.
mastra/workflows/bookGenerationWorkflow.ts(496,3): error TS2353: Object literal may only specify known properties, and 'triggerSchema' does not exist in type 'WorkflowConfig<string, unknown, unknown, unknown, Step<string, unknown, unknown, unknown, unknown, unknown, any, unknown>[], unknown>'.
mastra/workflows/bookGenerationWorkflow.ts(498,9): error TS2345: Argument of type 'Step<"validateRequest", unknown, { settings: { prompt: string; style: "Watercolor" | "3D Render (Pixar Style)" | "Japanese Manga" | "Corporate Minimalist" | "Cyberpunk Neon" | "Vintage Illustration" | "Paper Cutout Art" | "Flat Design" | "Modern Infographic" | "Technical Blueprint"; ... 9 more ...; templateStructure...' is not assignable to parameter of type 'Step<"validateRequest", unknown, unknown, { valid: boolean; adjustedPageCount: number; ebooksThisMonth: number; error?: string | undefined; upgradeRequired?: boolean | undefined; }, any, any, DefaultEngineType, any>'.
  Types of property 'execute' are incompatible.
    Type 'ExecuteFunction<unknown, { settings: { prompt: string; style: "Watercolor" | "3D Render (Pixar Style)" | "Japanese Manga" | "Corporate Minimalist" | "Cyberpunk Neon" | "Vintage Illustration" | "Paper Cutout Art" | "Flat Design" | "Modern Infographic" | "Technical Blueprint"; ... 9 more ...; templateStructure?: any[]...' is not assignable to type 'ExecuteFunction<unknown, unknown, { valid: boolean; adjustedPageCount: number; ebooksThisMonth: number; error?: string | undefined; upgradeRequired?: boolean | undefined; }, any, any, DefaultEngineType, any>'.
      Types of parameters 'params' and 'params' are incompatible.
        Type 'ExecuteFunctionParams<unknown, unknown, { valid: boolean; adjustedPageCount: number; ebooksThisMonth: number; error?: string | undefined; upgradeRequired?: boolean | undefined; }, any, any, DefaultEngineType, any>' is not assignable to type 'ExecuteFunctionParams<unknown, { settings: { prompt: string; style: "Watercolor" | "3D Render (Pixar Style)" | "Japanese Manga" | "Corporate Minimalist" | "Cyberpunk Neon" | "Vintage Illustration" | "Paper Cutout Art" | "Flat Design" | "Modern Infographic" | "Technical Blueprint"; ... 9 more ...; templateStructure?:...'.
          Type 'ExecuteFunctionParams<unknown, unknown, { valid: boolean; adjustedPageCount: number; ebooksThisMonth: number; error?: string | undefined; upgradeRequired?: boolean | undefined; }, any, any, DefaultEngineType, any>' is not assignable to type '{ runId: string; resourceId?: string | undefined; workflowId: string; mastra: Mastra<Record<string, Agent<any, ToolsInput, undefined, unknown>>, Record<string, AnyWorkflow>, ... 7 more ..., Record<...>>; ... 20 more ...; [STREAM_FORMAT_SYMBOL]: "legacy" | ... 1 more ... | undefined; }'.
            Types of property 'inputData' are incompatible.
              Type 'unknown' is not assignable to type '{ settings: { prompt: string; style: "Watercolor" | "3D Render (Pixar Style)" | "Japanese Manga" | "Corporate Minimalist" | "Cyberpunk Neon" | "Vintage Illustration" | "Paper Cutout Art" | "Flat Design" | "Modern Infographic" | "Technical Blueprint"; ... 9 more ...; templateStructure?: any[] | undefined; }; userId: ...'.
mastra/workflows/bookGenerationWorkflow.ts(499,9): error TS2345: Argument of type 'Step<"analyzeContent", unknown, { inputData: any; getStepResult: any; }, { title: string; synopsis: string; targetAudience: string; estimatedReadingTime: number; chapters: { chapterNumber: number; ... 4 more ...; emotionalArc: string; }[]; ... 5 more ...; colorPalette: { ...; }; } | undefined, unknown, unknown, Defa...' is not assignable to parameter of type 'Step<"analyzeContent", unknown, { valid: boolean; adjustedPageCount: number; ebooksThisMonth: number; error?: string | undefined; upgradeRequired?: boolean | undefined; }, { title: string; synopsis: string; ... 8 more ...; colorPalette: { ...; }; } | undefined, any, any, DefaultEngineType, any>'.
  Types of property 'inputSchema' are incompatible.
    Type 'SchemaWithValidation<{ inputData: any; getStepResult: any; }>' is not assignable to type 'SchemaWithValidation<{ valid: boolean; adjustedPageCount: number; ebooksThisMonth: number; error?: string | undefined; upgradeRequired?: boolean | undefined; }>'.
      Type '{ inputData: any; getStepResult: any; }' is missing the following properties from type '{ valid: boolean; adjustedPageCount: number; ebooksThisMonth: number; error?: string | undefined; upgradeRequired?: boolean | undefined; }': valid, adjustedPageCount, ebooksThisMonth
mastra/workflows/bookGenerationWorkflow.ts(500,9): error TS2345: Argument of type 'Step<"suspendForBlueprintApproval", unknown, { getStepResult: any; suspend: any; }, { approved: boolean; approvedBlueprint?: { title: string; synopsis: string; targetAudience: string; estimatedReadingTime: number; ... 6 more ...; colorPalette: { ...; }; } | undefined; }, unknown, unknown, DefaultEngineType, unknown>' is not assignable to parameter of type 'Step<"suspendForBlueprintApproval", unknown, { title: string; synopsis: string; targetAudience: string; estimatedReadingTime: number; chapters: { chapterNumber: number; title: string; summary: string; pageRange: [...]; keyEvents: string[]; emotionalArc: string; }[]; ... 5 more ...; colorPalette: { ...; }; } | undefi...'.
  Types of property 'inputSchema' are incompatible.
    Type 'SchemaWithValidation<{ getStepResult: any; suspend: any; }>' is not assignable to type 'SchemaWithValidation<{ title: string; synopsis: string; targetAudience: string; estimatedReadingTime: number; chapters: { chapterNumber: number; title: string; summary: string; pageRange: [number, number]; keyEvents: string[]; emotionalArc: string; }[]; ... 5 more ...; colorPalette: { ...; }; } | undefined>'.
      Type '{ getStepResult: any; suspend: any; }' is missing the following properties from type '{ title: string; synopsis: string; targetAudience: string; estimatedReadingTime: number; chapters: { chapterNumber: number; title: string; summary: string; pageRange: [number, number]; keyEvents: string[]; emotionalArc: string; }[]; ... 5 more ...; colorPalette: { ...; }; }': title, synopsis, targetAudience, estimatedReadingTime, and 7 more.
mastra/workflows/bookGenerationWorkflow.ts(501,9): error TS2345: Argument of type 'Step<"generateCharacters", unknown, { getStepResult: any; }, { characterSheets: { id: string; baseProfile: { name: string; role: "protagonist" | "antagonist" | "supporting" | "background"; description: string; visualTraits: { ...; }; personalityTraits: string[]; importance: "critical" | ... 1 more ... | "minor"; }; ...' is not assignable to parameter of type 'Step<"generateCharacters", unknown, { approved: boolean; approvedBlueprint?: { title: string; synopsis: string; targetAudience: string; estimatedReadingTime: number; chapters: { chapterNumber: number; ... 4 more ...; emotionalArc: string; }[]; ... 5 more ...; colorPalette: { ...; }; } | undefined; }, ... 4 more ...,...'.
  Types of property 'inputSchema' are incompatible.
    Type 'SchemaWithValidation<{ getStepResult: any; }>' is not assignable to type 'SchemaWithValidation<{ approved: boolean; approvedBlueprint?: { title: string; synopsis: string; targetAudience: string; estimatedReadingTime: number; chapters: { chapterNumber: number; title: string; summary: string; pageRange: [...]; keyEvents: string[]; emotionalArc: string; }[]; ... 5 more ...; colorPalette: { ....'.
      Property 'approved' is missing in type '{ getStepResult: any; }' but required in type '{ approved: boolean; approvedBlueprint?: { title: string; synopsis: string; targetAudience: string; estimatedReadingTime: number; chapters: { chapterNumber: number; title: string; summary: string; pageRange: [...]; keyEvents: string[]; emotionalArc: string; }[]; ... 5 more ...; colorPalette: { ...; }; } | undefined; }'.
mastra/workflows/bookGenerationWorkflow.ts(502,9): error TS2345: Argument of type 'Step<"generateStyleGuide", unknown, { inputData: any; }, { styleGuide?: { id: string; artStyle: { name: string; description: string; technicalSpecs: { lineWeight: string; renderingTechnique: string; textureApproach: string; lightingModel: string; }; }; colorPalette: { ...; }; styleEnforcementPrompt: string; consiste...' is not assignable to parameter of type 'Step<"generateStyleGuide", unknown, { characterSheets: { id: string; baseProfile: { name: string; role: "protagonist" | "antagonist" | "supporting" | "background"; description: string; visualTraits: { ...; }; personalityTraits: string[]; importance: "critical" | ... 1 more ... | "minor"; }; ... 4 more ...; midjourne...'.
  Types of property 'inputSchema' are incompatible.
    Type 'SchemaWithValidation<{ inputData: any; }>' is not assignable to type 'SchemaWithValidation<{ characterSheets: { id: string; baseProfile: { name: string; role: "protagonist" | "antagonist" | "supporting" | "background"; description: string; visualTraits: { eyes: string; hair: string; clothing: string; }; personalityTraits: string[]; importance: "critical" | ... 1 more ... | "minor"; };...'.
      Type '{ inputData: any; }' is missing the following properties from type '{ characterSheets: { id: string; baseProfile: { name: string; role: "protagonist" | "antagonist" | "supporting" | "background"; description: string; visualTraits: { eyes: string; hair: string; clothing: string; }; personalityTraits: string[]; importance: "critical" | ... 1 more ... | "minor"; }; ... 4 more ...; midj...': characterSheets, failedCharacters
mastra/workflows/bookGenerationWorkflow.ts(503,9): error TS2345: Argument of type 'Step<"generatePageContent", unknown, { getStepResult: any; }, { pages: { pageNumber: number; text: string; imagePrompt: string; }[]; failedPages: number[]; }, unknown, unknown, DefaultEngineType, unknown>' is not assignable to parameter of type 'Step<"generatePageContent", unknown, { styleGuide?: { id: string; artStyle: { name: string; description: string; technicalSpecs: { lineWeight: string; renderingTechnique: string; textureApproach: string; lightingModel: string; }; }; colorPalette: { ...; }; styleEnforcementPrompt: string; consistencyRules: string[]; ...'.
  Types of property 'inputSchema' are incompatible.
    Type 'SchemaWithValidation<{ getStepResult: any; }>' is not assignable to type 'SchemaWithValidation<{ styleGuide?: { id: string; artStyle: { name: string; description: string; technicalSpecs: { lineWeight: string; renderingTechnique: string; textureApproach: string; lightingModel: string; }; }; colorPalette: { ...; }; styleEnforcementPrompt: string; consistencyRules: string[]; } | undefined; v...'.
      Type '{ getStepResult: any; }' has no properties in common with type '{ styleGuide?: { id: string; artStyle: { name: string; description: string; technicalSpecs: { lineWeight: string; renderingTechnique: string; textureApproach: string; lightingModel: string; }; }; colorPalette: { ...; }; styleEnforcementPrompt: string; consistencyRules: string[]; } | undefined; videoPreparation?: { ....'.
mastra/workflows/bookGenerationWorkflow.ts(504,9): error TS2345: Argument of type 'Step<"generateIllustrations", unknown, { getStepResult: any; }, { illustrations: { pageNumber: number; imageUrl: string | null; }[]; failedIllustrations: number[]; }, unknown, unknown, DefaultEngineType, unknown>' is not assignable to parameter of type 'Step<"generateIllustrations", unknown, { pages: { pageNumber: number; text: string; imagePrompt: string; }[]; failedPages: number[]; }, { illustrations: { pageNumber: number; imageUrl: string | null; }[]; failedIllustrations: number[]; }, any, any, DefaultEngineType, any>'.
  Types of property 'inputSchema' are incompatible.
    Type 'SchemaWithValidation<{ getStepResult: any; }>' is not assignable to type 'SchemaWithValidation<{ pages: { pageNumber: number; text: string; imagePrompt: string; }[]; failedPages: number[]; }>'.
      Type '{ getStepResult: any; }' is missing the following properties from type '{ pages: { pageNumber: number; text: string; imagePrompt: string; }[]; failedPages: number[]; }': pages, failedPages
mastra/workflows/bookGenerationWorkflow.ts(505,9): error TS2345: Argument of type 'Step<"runQualityAssurance", unknown, { getStepResult: any; }, { overallScore: number; autoImprovedCount: number; qaReport: any; }, unknown, unknown, DefaultEngineType, unknown>' is not assignable to parameter of type 'Step<"runQualityAssurance", unknown, { illustrations: { pageNumber: number; imageUrl: string | null; }[]; failedIllustrations: number[]; }, { overallScore: number; autoImprovedCount: number; qaReport: any; }, any, any, DefaultEngineType, any>'.
  Types of property 'inputSchema' are incompatible.
    Type 'SchemaWithValidation<{ getStepResult: any; }>' is not assignable to type 'SchemaWithValidation<{ illustrations: { pageNumber: number; imageUrl: string | null; }[]; failedIllustrations: number[]; }>'.
      Type '{ getStepResult: any; }' is missing the following properties from type '{ illustrations: { pageNumber: number; imageUrl: string | null; }[]; failedIllustrations: number[]; }': illustrations, failedIllustrations
mastra/workflows/bookGenerationWorkflow.ts(506,9): error TS2345: Argument of type 'Step<"persistBook", unknown, { inputData: any; }, { bookId: string; saved: boolean; xpAwarded: number; }, unknown, unknown, DefaultEngineType, unknown>' is not assignable to parameter of type 'Step<"persistBook", unknown, { overallScore: number; autoImprovedCount: number; qaReport: any; }, { bookId: string; saved: boolean; xpAwarded: number; }, any, any, DefaultEngineType, any>'.
  Types of property 'inputSchema' are incompatible.
    Type 'SchemaWithValidation<{ inputData: any; }>' is not assignable to type 'SchemaWithValidation<{ overallScore: number; autoImprovedCount: number; qaReport: any; }>'.
      Type '{ inputData: any; }' is missing the following properties from type '{ overallScore: number; autoImprovedCount: number; qaReport: any; }': overallScore, autoImprovedCount, qaReport
mastra/workflows/brandVoiceRAGWorkflow.ts(291,3): error TS2353: Object literal may only specify known properties, and 'triggerSchema' does not exist in type 'WorkflowConfig<string, unknown, unknown, unknown, Step<string, unknown, unknown, unknown, unknown, unknown, any, unknown>[], unknown>'.
mastra/workflows/brandVoiceRAGWorkflow.ts(293,9): error TS2345: Argument of type 'Step<"chunkBrandText", unknown, { userId: string; brandName: string; sampleText: string; existingChunkIds: string[]; }, { chunks: { chunkIndex: number; text: string; tokenCount: number; }[]; totalTokens: number; }, unknown, unknown, DefaultEngineType, unknown>' is not assignable to parameter of type 'Step<"chunkBrandText", unknown, unknown, { chunks: { chunkIndex: number; text: string; tokenCount: number; }[]; totalTokens: number; }, any, any, DefaultEngineType, any>'.
  Types of property 'execute' are incompatible.
    Type 'ExecuteFunction<unknown, { userId: string; brandName: string; sampleText: string; existingChunkIds: string[]; }, { chunks: { chunkIndex: number; text: string; tokenCount: number; }[]; totalTokens: number; }, unknown, unknown, DefaultEngineType, unknown>' is not assignable to type 'ExecuteFunction<unknown, unknown, { chunks: { chunkIndex: number; text: string; tokenCount: number; }[]; totalTokens: number; }, any, any, DefaultEngineType, any>'.
      Types of parameters 'params' and 'params' are incompatible.
        Type 'ExecuteFunctionParams<unknown, unknown, { chunks: { chunkIndex: number; text: string; tokenCount: number; }[]; totalTokens: number; }, any, any, DefaultEngineType, any>' is not assignable to type 'ExecuteFunctionParams<unknown, { userId: string; brandName: string; sampleText: string; existingChunkIds: string[]; }, { chunks: { chunkIndex: number; text: string; tokenCount: number; }[]; totalTokens: number; }, unknown, unknown, DefaultEngineType, unknown>'.
          Type 'ExecuteFunctionParams<unknown, unknown, { chunks: { chunkIndex: number; text: string; tokenCount: number; }[]; totalTokens: number; }, any, any, DefaultEngineType, any>' is not assignable to type '{ runId: string; resourceId?: string | undefined; workflowId: string; mastra: Mastra<Record<string, Agent<any, ToolsInput, undefined, unknown>>, Record<string, AnyWorkflow>, ... 7 more ..., Record<...>>; ... 20 more ...; [STREAM_FORMAT_SYMBOL]: "legacy" | ... 1 more ... | undefined; }'.
            Types of property 'inputData' are incompatible.
              Type 'unknown' is not assignable to type '{ userId: string; brandName: string; sampleText: string; existingChunkIds: string[]; }'.
mastra/workflows/brandVoiceRAGWorkflow.ts(294,9): error TS2345: Argument of type 'Step<"generateEmbeddings", unknown, { getStepResult: any; }, { embeddedChunks: { chunkIndex: number; text: string; tokenCount: number; embedding: number[]; }[]; }, unknown, unknown, DefaultEngineType, unknown>' is not assignable to parameter of type 'Step<"generateEmbeddings", unknown, { chunks: { chunkIndex: number; text: string; tokenCount: number; }[]; totalTokens: number; }, { embeddedChunks: { chunkIndex: number; text: string; tokenCount: number; embedding: number[]; }[]; }, any, any, DefaultEngineType, any>'.
  Types of property 'inputSchema' are incompatible.
    Type 'SchemaWithValidation<{ getStepResult: any; }>' is not assignable to type 'SchemaWithValidation<{ chunks: { chunkIndex: number; text: string; tokenCount: number; }[]; totalTokens: number; }>'.
      Type '{ getStepResult: any; }' is missing the following properties from type '{ chunks: { chunkIndex: number; text: string; tokenCount: number; }[]; totalTokens: number; }': chunks, totalTokens
mastra/workflows/brandVoiceRAGWorkflow.ts(295,9): error TS2345: Argument of type 'Step<"storeInPgVector", unknown, { inputData: any; getStepResult: any; }, { stored: number; deleted: number; }, unknown, unknown, DefaultEngineType, unknown>' is not assignable to parameter of type 'Step<"storeInPgVector", unknown, { embeddedChunks: { chunkIndex: number; text: string; tokenCount: number; embedding: number[]; }[]; }, { stored: number; deleted: number; }, any, any, DefaultEngineType, any>'.
  Types of property 'inputSchema' are incompatible.
    Type 'SchemaWithValidation<{ inputData: any; getStepResult: any; }>' is not assignable to type 'SchemaWithValidation<{ embeddedChunks: { chunkIndex: number; text: string; tokenCount: number; embedding: number[]; }[]; }>'.
      Property 'embeddedChunks' is missing in type '{ inputData: any; getStepResult: any; }' but required in type '{ embeddedChunks: { chunkIndex: number; text: string; tokenCount: number; embedding: number[]; }[]; }'.
mastra/workflows/brandVoiceRAGWorkflow.ts(296,9): error TS2345: Argument of type 'Step<"confirmIngestion", unknown, { inputData: any; getStepResult: any; }, { chunksStored: number; brandName: string; userId: string; success: boolean; error: string; } | { chunksStored: number; brandName: string; userId: string; success: boolean; error?: undefined; }, unknown, unknown, DefaultEngineType, unknown>' is not assignable to parameter of type 'Step<"confirmIngestion", unknown, { stored: number; deleted: number; }, { chunksStored: number; brandName: string; userId: string; success: boolean; error: string; } | { chunksStored: number; brandName: string; userId: string; success: boolean; error?: undefined; }, any, any, DefaultEngineType, any>'.
  Types of property 'inputSchema' are incompatible.
    Type 'SchemaWithValidation<{ inputData: any; getStepResult: any; }>' is not assignable to type 'SchemaWithValidation<{ stored: number; deleted: number; }>'.
      Type '{ inputData: any; getStepResult: any; }' is missing the following properties from type '{ stored: number; deleted: number; }': stored, deleted
src/services/mastraClient.ts(38,28): error TS2305: Module '"../../types"' has no exported member 'ContentStructure'.
